[INFO] Scanning for projects...
[INFO] 
[INFO] -----------------------< com.example:group-demo >-----------------------
[INFO] Building  0.0.1-SNAPSHOT
[INFO]   from pom.xml
[INFO] --------------------------------[ jar ]---------------------------------
[INFO] 
[INFO] >>> spring-boot:4.1.0:run (default-cli) > test-compile @ group-demo >>>
[INFO] 
[INFO] --- resources:3.5.0:resources (default-resources) @ group-demo ---
[INFO] Copying 1 resource from src\main\resources to target\classes
[INFO] Copying 2 resources from src\main\resources to target\classes
[INFO] 
[INFO] --- compiler:3.15.0:compile (default-compile) @ group-demo ---
[INFO] Recompiling the module because of added or removed source files.
[INFO] Compiling 32 source files with javac [debug parameters release 21] to target\classes
[INFO] 
[INFO] --- resources:3.5.0:testResources (default-testResources) @ group-demo ---
[INFO] skip non existing resourceDirectory D:\group-code\group-project\demo-dxy\src\test\resources
[INFO] 
[INFO] --- compiler:3.15.0:testCompile (default-testCompile) @ group-demo ---
[INFO] Recompiling the module because of changed dependency.
[INFO] Compiling 12 source files with javac [debug parameters release 21] to target\test-classes
[INFO] 
[INFO] <<< spring-boot:4.1.0:run (default-cli) < test-compile @ group-demo <<<
[INFO] 
[INFO] 
[INFO] --- spring-boot:4.1.0:run (default-cli) @ group-demo ---
[INFO] Attaching agents: []

  .   ____          _            __ _ _
 /\\ / ___'_ __ _ _(_)_ __  __ _ \ \ \ \
( ( )\___ | '_ | '_| | '_ \/ _` | \ \ \ \
 \\/  ___)| |_)| | | | | || (_| |  ) ) ) )
  '  |____| .__|_| |_|_| |_\__, | / / / /
 =========|_|==============|___/=/_/_/_/

 :: Spring Boot ::                (v4.1.0)

2026-08-20T18:09:19.392+08:00  INFO 25708 --- [group-demo] [           main] c.e.group_demo.GroupDemoApplication      : Starting GroupDemoApplication using Java 26 with PID 25708 (D:\group-code\group-project\demo-dxy\target\classes started by 91831 in D:\group-code\group-project\demo-dxy)
2026-08-20T18:09:19.396+08:00  INFO 25708 --- [group-demo] [           main] c.e.group_demo.GroupDemoApplication      : The following 1 profile is active: "local"
2026-08-20T18:09:20.012+08:00  INFO 25708 --- [group-demo] [           main] o.s.boot.tomcat.TomcatWebServer          : Tomcat initialized with port 8080 (http)
2026-08-20T18:09:20.021+08:00  INFO 25708 --- [group-demo] [           main] o.apache.catalina.core.StandardService   : Starting service [Tomcat]
2026-08-20T18:09:20.022+08:00  INFO 25708 --- [group-demo] [           main] o.apache.catalina.core.StandardEngine    : Starting Servlet engine: [Apache Tomcat/11.0.22]
2026-08-20T18:09:20.061+08:00  INFO 25708 --- [group-demo] [           main] b.w.c.s.WebApplicationContextInitializer : Root WebApplicationContext: initialization completed in 632 ms
2026-08-20T18:09:20.137+08:00  INFO 25708 --- [group-demo] [           main] com.zaxxer.hikari.HikariDataSource       : HikariPool-1 - Starting...
2026-08-20T18:09:20.276+08:00  INFO 25708 --- [group-demo] [           main] com.zaxxer.hikari.pool.HikariPool        : HikariPool-1 - Added connection conn0: url=jdbc:h2:file:./data/conversation-memory user=SA
2026-08-20T18:09:20.277+08:00  INFO 25708 --- [group-demo] [           main] com.zaxxer.hikari.HikariDataSource       : HikariPool-1 - Start completed.
2026-08-20T18:09:20.544+08:00  INFO 25708 --- [group-demo] [           main] o.s.b.w.a.WelcomePageHandlerMapping      : Adding welcome page: class path resource [static/index.html]
2026-08-20T18:09:20.688+08:00  INFO 25708 --- [group-demo] [           main] o.s.boot.tomcat.TomcatWebServer          : Tomcat started on port 8080 (http) with context path '/'
2026-08-20T18:09:20.691+08:00  INFO 25708 --- [group-demo] [           main] c.e.group_demo.GroupDemoApplication      : Started GroupDemoApplication in 1.55 seconds (process running for 1.831)
2026-08-20T18:09:20.793+08:00  INFO 25708 --- [group-demo] [nio-8080-exec-1] o.a.c.c.C.[Tomcat].[localhost].[/]       : Initializing Spring DispatcherServlet 'dispatcherServlet'
2026-08-20T18:09:20.793+08:00  INFO 25708 --- [group-demo] [nio-8080-exec-1] o.s.web.servlet.DispatcherServlet        : Initializing Servlet 'dispatcherServlet'
2026-08-20T18:09:20.794+08:00  INFO 25708 --- [group-demo] [nio-8080-exec-1] o.s.web.servlet.DispatcherServlet        : Completed initialization in 1 ms
2026-08-20T18:09:21.014+08:00  INFO 25708 --- [group-demo] [           main] com.example.group_demo.bot.BotService    : 二维码已就绪，访问 http://localhost:8080 扫码登录
2026-08-20T18:11:21.242+08:00 ERROR 25708 --- [group-demo] [       ilink-io] com.example.group_demo.bot.BotService    : 登录失败: com.github.wechat.ilink.sdk.core.exception.ConnectFailedException: qrcode expired
